Archive member included to satisfy reference by file (symbol)

c:/users/kamil/atollic/truestudio for stm32 9.0.0/armtools/bin/../lib/gcc/arm-atollic-eabi/6.3.1/../../../../arm-atollic-eabi/lib/armv7e-m/fpu\libc_nano.a(lib_a-init.o)
                              Startup\startup_stm32f407xx.o (__libc_init_array)

Allocating common symbols
Common symbol       size              file

it                  0x1               Code\src\main.o

Memory Configuration

Name             Origin             Length             Attributes
FLASH            0x08000000         0x00100000         xr
RAM              0x20000000         0x00020000         xrw
MEMORY_B1        0x60000000         0x00000000         xr
CCMRAM           0x10000000         0x00010000         rw
*default*        0x00000000         0xffffffff

Linker script and memory map

LOAD c:/users/kamil/atollic/truestudio for stm32 9.0.0/armtools/bin/../lib/gcc/arm-atollic-eabi/6.3.1/armv7e-m/fpu/crti.o
LOAD c:/users/kamil/atollic/truestudio for stm32 9.0.0/armtools/bin/../lib/gcc/arm-atollic-eabi/6.3.1/armv7e-m/fpu/crtbegin.o
LOAD CMSIS\src\system_stm32f4xx.o
LOAD Code\src\main.o
LOAD Startup\startup_stm32f407xx.o
                0x00000080                malloc_getpagesize_P = 0x80
START GROUP
LOAD c:/users/kamil/atollic/truestudio for stm32 9.0.0/armtools/bin/../lib/gcc/arm-atollic-eabi/6.3.1/../../../../arm-atollic-eabi/lib/armv7e-m/fpu\libc_nano.a
LOAD c:/users/kamil/atollic/truestudio for stm32 9.0.0/armtools/bin/../lib/gcc/arm-atollic-eabi/6.3.1/../../../../arm-atollic-eabi/lib/armv7e-m/fpu\libm.a
END GROUP
START GROUP
LOAD c:/users/kamil/atollic/truestudio for stm32 9.0.0/armtools/bin/../lib/gcc/arm-atollic-eabi/6.3.1/armv7e-m/fpu\libgcc.a
LOAD c:/users/kamil/atollic/truestudio for stm32 9.0.0/armtools/bin/../lib/gcc/arm-atollic-eabi/6.3.1/../../../../arm-atollic-eabi/lib/armv7e-m/fpu\libc_nano.a
END GROUP
START GROUP
LOAD c:/users/kamil/atollic/truestudio for stm32 9.0.0/armtools/bin/../lib/gcc/arm-atollic-eabi/6.3.1/armv7e-m/fpu\libgcc.a
LOAD c:/users/kamil/atollic/truestudio for stm32 9.0.0/armtools/bin/../lib/gcc/arm-atollic-eabi/6.3.1/../../../../arm-atollic-eabi/lib/armv7e-m/fpu\libc_nano.a
LOAD c:/users/kamil/atollic/truestudio for stm32 9.0.0/armtools/bin/../lib/gcc/arm-atollic-eabi/6.3.1/../../../../arm-atollic-eabi/lib/armv7e-m/fpu\libnosys.a
END GROUP
START GROUP
LOAD c:/users/kamil/atollic/truestudio for stm32 9.0.0/armtools/bin/../lib/gcc/arm-atollic-eabi/6.3.1/armv7e-m/fpu\libgcc.a
LOAD c:/users/kamil/atollic/truestudio for stm32 9.0.0/armtools/bin/../lib/gcc/arm-atollic-eabi/6.3.1/../../../../arm-atollic-eabi/lib/armv7e-m/fpu\libc_nano.a
LOAD c:/users/kamil/atollic/truestudio for stm32 9.0.0/armtools/bin/../lib/gcc/arm-atollic-eabi/6.3.1/../../../../arm-atollic-eabi/lib/armv7e-m/fpu\libnosys.a
END GROUP
LOAD c:/users/kamil/atollic/truestudio for stm32 9.0.0/armtools/bin/../lib/gcc/arm-atollic-eabi/6.3.1/armv7e-m/fpu/crtend.o
LOAD c:/users/kamil/atollic/truestudio for stm32 9.0.0/armtools/bin/../lib/gcc/arm-atollic-eabi/6.3.1/armv7e-m/fpu/crtn.o
                0x20020000                _estack = 0x20020000
                0x00000000                _Min_Heap_Size = 0x0
                0x00000400                _Min_Stack_Size = 0x400

.isr_vector     0x08000000      0x188
                0x08000000                . = ALIGN (0x4)
 *(.isr_vector)
 .isr_vector    0x08000000      0x188 Startup\startup_stm32f407xx.o
                0x08000000                g_pfnVectors
                0x08000188                . = ALIGN (0x4)

.text           0x08000188      0x4e8
                0x08000188                . = ALIGN (0x4)
 *(.text)
 .text          0x08000188        0x0 c:/users/kamil/atollic/truestudio for stm32 9.0.0/armtools/bin/../lib/gcc/arm-atollic-eabi/6.3.1/armv7e-m/fpu/crti.o
 .text          0x08000188       0x40 c:/users/kamil/atollic/truestudio for stm32 9.0.0/armtools/bin/../lib/gcc/arm-atollic-eabi/6.3.1/armv7e-m/fpu/crtbegin.o
 .text          0x080001c8      0x160 CMSIS\src\system_stm32f4xx.o
                0x080001c8                SystemInit
                0x08000234                SystemCoreClockUpdate
 .text          0x08000328      0x27c Code\src\main.o
                0x0800035c                USART6_IRQHandler
                0x080003bc                EXTI0_IRQHandler
                0x08000408                uart_cfg
                0x0800049c                exti_cfg
                0x08000500                delay
                0x08000568                main
 .text          0x080005a4       0x14 Startup\startup_stm32f407xx.o
 .text          0x080005b8        0x0 c:/users/kamil/atollic/truestudio for stm32 9.0.0/armtools/bin/../lib/gcc/arm-atollic-eabi/6.3.1/../../../../arm-atollic-eabi/lib/armv7e-m/fpu\libc_nano.a(lib_a-init.o)
 .text          0x080005b8        0x0 c:/users/kamil/atollic/truestudio for stm32 9.0.0/armtools/bin/../lib/gcc/arm-atollic-eabi/6.3.1/armv7e-m/fpu/crtend.o
 .text          0x080005b8        0x0 c:/users/kamil/atollic/truestudio for stm32 9.0.0/armtools/bin/../lib/gcc/arm-atollic-eabi/6.3.1/armv7e-m/fpu/crtn.o
 *(.text*)
 .text.Reset_Handler
                0x080005b8       0x50 Startup\startup_stm32f407xx.o
                0x080005b8                Reset_Handler
 .text.Default_Handler
                0x08000608        0x2 Startup\startup_stm32f407xx.o
                0x08000608                RTC_Alarm_IRQHandler
                0x08000608                HASH_RNG_IRQHandler
                0x08000608                EXTI2_IRQHandler
                0x08000608                TIM8_CC_IRQHandler
                0x08000608                DebugMon_Handler
                0x08000608                TIM1_CC_IRQHandler
                0x08000608                DMA2_Stream5_IRQHandler
                0x08000608                HardFault_Handler
                0x08000608                DMA1_Stream5_IRQHandler
                0x08000608                SysTick_Handler
                0x08000608                PVD_IRQHandler
                0x08000608                SDIO_IRQHandler
                0x08000608                TAMP_STAMP_IRQHandler
                0x08000608                PendSV_Handler
                0x08000608                NMI_Handler
                0x08000608                CAN2_RX1_IRQHandler
                0x08000608                EXTI3_IRQHandler
                0x08000608                TIM8_TRG_COM_TIM14_IRQHandler
                0x08000608                TIM1_UP_TIM10_IRQHandler
                0x08000608                TIM8_UP_TIM13_IRQHandler
                0x08000608                I2C3_ER_IRQHandler
                0x08000608                I2C2_EV_IRQHandler
                0x08000608                DMA1_Stream2_IRQHandler
                0x08000608                CAN1_RX0_IRQHandler
                0x08000608                FPU_IRQHandler
                0x08000608                OTG_HS_WKUP_IRQHandler
                0x08000608                UsageFault_Handler
                0x08000608                CAN2_SCE_IRQHandler
                0x08000608                DMA2_Stream2_IRQHandler
                0x08000608                SPI1_IRQHandler
                0x08000608                TIM6_DAC_IRQHandler
                0x08000608                TIM1_BRK_TIM9_IRQHandler
                0x08000608                DCMI_IRQHandler
                0x08000608                CAN2_RX0_IRQHandler
                0x08000608                DMA2_Stream3_IRQHandler
                0x08000608                USART3_IRQHandler
                0x08000608                CAN1_RX1_IRQHandler
                0x08000608                UART5_IRQHandler
                0x08000608                DMA2_Stream0_IRQHandler
                0x08000608                TIM4_IRQHandler
                0x08000608                I2C1_EV_IRQHandler
                0x08000608                DMA1_Stream6_IRQHandler
                0x08000608                DMA1_Stream1_IRQHandler
                0x08000608                UART4_IRQHandler
                0x08000608                TIM3_IRQHandler
                0x08000608                RCC_IRQHandler
                0x08000608                TIM8_BRK_TIM12_IRQHandler
                0x08000608                Default_Handler
                0x08000608                EXTI15_10_IRQHandler
                0x08000608                ADC_IRQHandler
                0x08000608                DMA1_Stream7_IRQHandler
                0x08000608                TIM7_IRQHandler
                0x08000608                CAN2_TX_IRQHandler
                0x08000608                TIM5_IRQHandler
                0x08000608                DMA2_Stream7_IRQHandler
                0x08000608                I2C3_EV_IRQHandler
                0x08000608                EXTI9_5_IRQHandler
                0x08000608                RTC_WKUP_IRQHandler
                0x08000608                ETH_WKUP_IRQHandler
                0x08000608                SPI2_IRQHandler
                0x08000608                OTG_HS_EP1_IN_IRQHandler
                0x08000608                MemManage_Handler
                0x08000608                DMA1_Stream0_IRQHandler
                0x08000608                CAN1_TX_IRQHandler
                0x08000608                SVC_Handler
                0x08000608                EXTI4_IRQHandler
                0x08000608                FSMC_IRQHandler
                0x08000608                ETH_IRQHandler
                0x08000608                OTG_HS_EP1_OUT_IRQHandler
                0x08000608                WWDG_IRQHandler
                0x08000608                TIM2_IRQHandler
                0x08000608                OTG_FS_WKUP_IRQHandler
                0x08000608                TIM1_TRG_COM_TIM11_IRQHandler
                0x08000608                OTG_HS_IRQHandler
                0x08000608                EXTI1_IRQHandler
                0x08000608                USART2_IRQHandler
                0x08000608                I2C2_ER_IRQHandler
                0x08000608                DMA2_Stream1_IRQHandler
                0x08000608                CAN1_SCE_IRQHandler
                0x08000608                FLASH_IRQHandler
                0x08000608                DMA2_Stream4_IRQHandler
                0x08000608                BusFault_Handler
                0x08000608                USART1_IRQHandler
                0x08000608                OTG_FS_IRQHandler
                0x08000608                SPI3_IRQHandler
                0x08000608                DMA1_Stream4_IRQHandler
                0x08000608                I2C1_ER_IRQHandler
                0x08000608                DMA2_Stream6_IRQHandler
                0x08000608                DMA1_Stream3_IRQHandler
 *fill*         0x0800060a        0x2 
 .text.__libc_init_array
                0x0800060c       0x48 c:/users/kamil/atollic/truestudio for stm32 9.0.0/armtools/bin/../lib/gcc/arm-atollic-eabi/6.3.1/../../../../arm-atollic-eabi/lib/armv7e-m/fpu\libc_nano.a(lib_a-init.o)
                0x0800060c                __libc_init_array
 *(.glue_7)
 .glue_7        0x08000654        0x0 linker stubs
 *(.glue_7t)
 .glue_7t       0x08000654        0x0 linker stubs
 *(.eh_frame)
 .eh_frame      0x08000654        0x0 c:/users/kamil/atollic/truestudio for stm32 9.0.0/armtools/bin/../lib/gcc/arm-atollic-eabi/6.3.1/armv7e-m/fpu/crtbegin.o
 .eh_frame      0x08000654        0x4 c:/users/kamil/atollic/truestudio for stm32 9.0.0/armtools/bin/../lib/gcc/arm-atollic-eabi/6.3.1/armv7e-m/fpu/crtend.o
 *(.init)
 .init          0x08000658        0x4 c:/users/kamil/atollic/truestudio for stm32 9.0.0/armtools/bin/../lib/gcc/arm-atollic-eabi/6.3.1/armv7e-m/fpu/crti.o
                0x08000658                _init
 .init          0x0800065c        0x8 c:/users/kamil/atollic/truestudio for stm32 9.0.0/armtools/bin/../lib/gcc/arm-atollic-eabi/6.3.1/armv7e-m/fpu/crtn.o
 *(.fini)
 .fini          0x08000664        0x4 c:/users/kamil/atollic/truestudio for stm32 9.0.0/armtools/bin/../lib/gcc/arm-atollic-eabi/6.3.1/armv7e-m/fpu/crti.o
                0x08000664                _fini
 .fini          0x08000668        0x8 c:/users/kamil/atollic/truestudio for stm32 9.0.0/armtools/bin/../lib/gcc/arm-atollic-eabi/6.3.1/armv7e-m/fpu/crtn.o
                0x08000670                . = ALIGN (0x4)
                0x08000670                _etext = .

.vfp11_veneer   0x08000670        0x0
 .vfp11_veneer  0x08000670        0x0 linker stubs

.v4_bx          0x08000670        0x0
 .v4_bx         0x08000670        0x0 linker stubs

.iplt           0x08000670        0x0
 .iplt          0x08000670        0x0 c:/users/kamil/atollic/truestudio for stm32 9.0.0/armtools/bin/../lib/gcc/arm-atollic-eabi/6.3.1/armv7e-m/fpu/crtbegin.o

.rodata         0x08000670       0x18
                0x08000670                . = ALIGN (0x4)
 *(.rodata)
 .rodata        0x08000670       0x18 CMSIS\src\system_stm32f4xx.o
                0x08000670                AHBPrescTable
                0x08000680                APBPrescTable
 *(.rodata*)
                0x08000688                . = ALIGN (0x4)

.rel.dyn        0x08000688        0x0
 .rel.iplt      0x08000688        0x0 c:/users/kamil/atollic/truestudio for stm32 9.0.0/armtools/bin/../lib/gcc/arm-atollic-eabi/6.3.1/armv7e-m/fpu/crtbegin.o

.ARM.extab
 *(.ARM.extab* .gnu.linkonce.armextab.*)

.ARM            0x08000688        0x0
                0x08000688                __exidx_start = .
 *(.ARM.exidx*)
                0x08000688                __exidx_end = .

.preinit_array  0x08000688        0x0
                0x08000688                PROVIDE (__preinit_array_start, .)
 *(.preinit_array*)
                0x08000688                PROVIDE (__preinit_array_end, .)

.init_array     0x08000688        0x4
                0x08000688                PROVIDE (__init_array_start, .)
 *(SORT(.init_array.*))
 *(.init_array*)
 .init_array    0x08000688        0x4 c:/users/kamil/atollic/truestudio for stm32 9.0.0/armtools/bin/../lib/gcc/arm-atollic-eabi/6.3.1/armv7e-m/fpu/crtbegin.o
                0x0800068c                PROVIDE (__init_array_end, .)

.fini_array     0x0800068c        0x4
                [!provide]                PROVIDE (__fini_array_start, .)
 *(SORT(.fini_array.*))
 *(.fini_array*)
 .fini_array    0x0800068c        0x4 c:/users/kamil/atollic/truestudio for stm32 9.0.0/armtools/bin/../lib/gcc/arm-atollic-eabi/6.3.1/armv7e-m/fpu/crtbegin.o
                [!provide]                PROVIDE (__fini_array_end, .)
                0x08000690                _sidata = LOADADDR (.data)

.data           0x20000000        0x8 load address 0x08000690
                0x20000000                . = ALIGN (0x4)
                0x20000000                _sdata = .
 *(.data)
 .data          0x20000000        0x0 c:/users/kamil/atollic/truestudio for stm32 9.0.0/armtools/bin/../lib/gcc/arm-atollic-eabi/6.3.1/armv7e-m/fpu/crti.o
 .data          0x20000000        0x4 c:/users/kamil/atollic/truestudio for stm32 9.0.0/armtools/bin/../lib/gcc/arm-atollic-eabi/6.3.1/armv7e-m/fpu/crtbegin.o
                0x20000000                __dso_handle
 .data          0x20000004        0x4 CMSIS\src\system_stm32f4xx.o
                0x20000004                SystemCoreClock
 .data          0x20000008        0x0 Code\src\main.o
 .data          0x20000008        0x0 Startup\startup_stm32f407xx.o
 .data          0x20000008        0x0 c:/users/kamil/atollic/truestudio for stm32 9.0.0/armtools/bin/../lib/gcc/arm-atollic-eabi/6.3.1/../../../../arm-atollic-eabi/lib/armv7e-m/fpu\libc_nano.a(lib_a-init.o)
 .data          0x20000008        0x0 c:/users/kamil/atollic/truestudio for stm32 9.0.0/armtools/bin/../lib/gcc/arm-atollic-eabi/6.3.1/armv7e-m/fpu/crtend.o
 .data          0x20000008        0x0 c:/users/kamil/atollic/truestudio for stm32 9.0.0/armtools/bin/../lib/gcc/arm-atollic-eabi/6.3.1/armv7e-m/fpu/crtn.o
 *(.data*)
                0x20000008                . = ALIGN (0x4)
                0x20000008                _edata = .
                0x08000698                _siccmram = LOADADDR (.ccmram)

.igot.plt       0x20000008        0x0 load address 0x08000698
 .igot.plt      0x20000008        0x0 c:/users/kamil/atollic/truestudio for stm32 9.0.0/armtools/bin/../lib/gcc/arm-atollic-eabi/6.3.1/armv7e-m/fpu/crtbegin.o

.ccmram         0x10000000        0x0 load address 0x08000698
                0x10000000                . = ALIGN (0x4)
                0x10000000                _sccmram = .
 *(.ccmram)
 *(.ccmram*)
                0x10000000                . = ALIGN (0x4)
                0x10000000                _eccmram = .
                0x10000000                . = ALIGN (0x4)

.bss            0x20000008       0x20
                0x20000008                _sbss = .
                0x20000008                __bss_start__ = _sbss
 *(.bss)
 .bss           0x20000008        0x0 c:/users/kamil/atollic/truestudio for stm32 9.0.0/armtools/bin/../lib/gcc/arm-atollic-eabi/6.3.1/armv7e-m/fpu/crti.o
 .bss           0x20000008       0x1c c:/users/kamil/atollic/truestudio for stm32 9.0.0/armtools/bin/../lib/gcc/arm-atollic-eabi/6.3.1/armv7e-m/fpu/crtbegin.o
 .bss           0x20000024        0x0 CMSIS\src\system_stm32f4xx.o
 .bss           0x20000024        0x0 Code\src\main.o
 .bss           0x20000024        0x0 Startup\startup_stm32f407xx.o
 .bss           0x20000024        0x0 c:/users/kamil/atollic/truestudio for stm32 9.0.0/armtools/bin/../lib/gcc/arm-atollic-eabi/6.3.1/../../../../arm-atollic-eabi/lib/armv7e-m/fpu\libc_nano.a(lib_a-init.o)
 .bss           0x20000024        0x0 c:/users/kamil/atollic/truestudio for stm32 9.0.0/armtools/bin/../lib/gcc/arm-atollic-eabi/6.3.1/armv7e-m/fpu/crtend.o
 .bss           0x20000024        0x0 c:/users/kamil/atollic/truestudio for stm32 9.0.0/armtools/bin/../lib/gcc/arm-atollic-eabi/6.3.1/armv7e-m/fpu/crtn.o
 *(.bss*)
 *(COMMON)
 COMMON         0x20000024        0x1 Code\src\main.o
                0x20000024                it
                0x20000028                . = ALIGN (0x4)
 *fill*         0x20000025        0x3 
                0x20000028                _ebss = .
                0x20000028                __bss_end__ = _ebss

._user_heap_stack
                0x20000028      0x400
                0x20000028                . = ALIGN (0x4)
                [!provide]                PROVIDE (end, .)
                [!provide]                PROVIDE (_end, .)
                0x20000028                . = (. + _Min_Heap_Size)
                0x20000428                . = (. + _Min_Stack_Size)
 *fill*         0x20000028      0x400 
                0x20000428                . = ALIGN (0x4)

.memory_b1_text
 *(.mb1text)
 *(.mb1text*)
 *(.mb1rodata)
 *(.mb1rodata*)

/DISCARD/
 libc.a(*)
 libm.a(*)
 libgcc.a(*)

.ARM.attributes
                0x00000000       0x30
 *(.ARM.attributes)
 .ARM.attributes
                0x00000000       0x22 c:/users/kamil/atollic/truestudio for stm32 9.0.0/armtools/bin/../lib/gcc/arm-atollic-eabi/6.3.1/armv7e-m/fpu/crti.o
 .ARM.attributes
                0x00000022       0x34 c:/users/kamil/atollic/truestudio for stm32 9.0.0/armtools/bin/../lib/gcc/arm-atollic-eabi/6.3.1/armv7e-m/fpu/crtbegin.o
 .ARM.attributes
                0x00000056       0x39 CMSIS\src\system_stm32f4xx.o
 .ARM.attributes
                0x0000008f       0x39 Code\src\main.o
 .ARM.attributes
                0x000000c8       0x21 Startup\startup_stm32f407xx.o
 .ARM.attributes
                0x000000e9       0x34 c:/users/kamil/atollic/truestudio for stm32 9.0.0/armtools/bin/../lib/gcc/arm-atollic-eabi/6.3.1/../../../../arm-atollic-eabi/lib/armv7e-m/fpu\libc_nano.a(lib_a-init.o)
 .ARM.attributes
                0x0000011d       0x34 c:/users/kamil/atollic/truestudio for stm32 9.0.0/armtools/bin/../lib/gcc/arm-atollic-eabi/6.3.1/armv7e-m/fpu/crtend.o
 .ARM.attributes
                0x00000151       0x22 c:/users/kamil/atollic/truestudio for stm32 9.0.0/armtools/bin/../lib/gcc/arm-atollic-eabi/6.3.1/armv7e-m/fpu/crtn.o
OUTPUT(cmsis_uart.elf elf32-littlearm)

.debug_info     0x00000000      0xea2
 .debug_info    0x00000000      0x4fe CMSIS\src\system_stm32f4xx.o
 .debug_info    0x000004fe      0x92c Code\src\main.o
 .debug_info    0x00000e2a       0x78 Startup\startup_stm32f407xx.o

.debug_abbrev   0x00000000      0x33b
 .debug_abbrev  0x00000000      0x10e CMSIS\src\system_stm32f4xx.o
 .debug_abbrev  0x0000010e      0x21b Code\src\main.o
 .debug_abbrev  0x00000329       0x12 Startup\startup_stm32f407xx.o

.debug_aranges  0x00000000       0x68
 .debug_aranges
                0x00000000       0x20 CMSIS\src\system_stm32f4xx.o
 .debug_aranges
                0x00000020       0x20 Code\src\main.o
 .debug_aranges
                0x00000040       0x28 Startup\startup_stm32f407xx.o

.debug_line     0x00000000      0x412
 .debug_line    0x00000000      0x1b2 CMSIS\src\system_stm32f4xx.o
 .debug_line    0x000001b2      0x1e1 Code\src\main.o
 .debug_line    0x00000393       0x7f Startup\startup_stm32f407xx.o

.debug_str      0x00000000      0x97a
 .debug_str     0x00000000      0x32e CMSIS\src\system_stm32f4xx.o
                                0x380 (size before relaxing)
 .debug_str     0x0000032e      0x64c Code\src\main.o
                                0x92a (size before relaxing)

.comment        0x00000000       0x7c
 .comment       0x00000000       0x7c CMSIS\src\system_stm32f4xx.o
                                 0x7d (size before relaxing)
 .comment       0x0000007c       0x7d Code\src\main.o

.debug_frame    0x00000000      0x18c
 .debug_frame   0x00000000       0x58 CMSIS\src\system_stm32f4xx.o
 .debug_frame   0x00000058      0x108 Code\src\main.o
 .debug_frame   0x00000160       0x2c c:/users/kamil/atollic/truestudio for stm32 9.0.0/armtools/bin/../lib/gcc/arm-atollic-eabi/6.3.1/../../../../arm-atollic-eabi/lib/armv7e-m/fpu\libc_nano.a(lib_a-init.o)

.debug_ranges   0x00000000       0x20
 .debug_ranges  0x00000000       0x20 Startup\startup_stm32f407xx.o

Cross Reference Table

Symbol                                            File
ADC_IRQHandler                                    Startup\startup_stm32f407xx.o
AHBPrescTable                                     CMSIS\src\system_stm32f4xx.o
APBPrescTable                                     CMSIS\src\system_stm32f4xx.o
BusFault_Handler                                  Startup\startup_stm32f407xx.o
CAN1_RX0_IRQHandler                               Startup\startup_stm32f407xx.o
CAN1_RX1_IRQHandler                               Startup\startup_stm32f407xx.o
CAN1_SCE_IRQHandler                               Startup\startup_stm32f407xx.o
CAN1_TX_IRQHandler                                Startup\startup_stm32f407xx.o
CAN2_RX0_IRQHandler                               Startup\startup_stm32f407xx.o
CAN2_RX1_IRQHandler                               Startup\startup_stm32f407xx.o
CAN2_SCE_IRQHandler                               Startup\startup_stm32f407xx.o
CAN2_TX_IRQHandler                                Startup\startup_stm32f407xx.o
DCMI_IRQHandler                                   Startup\startup_stm32f407xx.o
DMA1_Stream0_IRQHandler                           Startup\startup_stm32f407xx.o
DMA1_Stream1_IRQHandler                           Startup\startup_stm32f407xx.o
DMA1_Stream2_IRQHandler                           Startup\startup_stm32f407xx.o
DMA1_Stream3_IRQHandler                           Startup\startup_stm32f407xx.o
DMA1_Stream4_IRQHandler                           Startup\startup_stm32f407xx.o
DMA1_Stream5_IRQHandler                           Startup\startup_stm32f407xx.o
DMA1_Stream6_IRQHandler                           Startup\startup_stm32f407xx.o
DMA1_Stream7_IRQHandler                           Startup\startup_stm32f407xx.o
DMA2_Stream0_IRQHandler                           Startup\startup_stm32f407xx.o
DMA2_Stream1_IRQHandler                           Startup\startup_stm32f407xx.o
DMA2_Stream2_IRQHandler                           Startup\startup_stm32f407xx.o
DMA2_Stream3_IRQHandler                           Startup\startup_stm32f407xx.o
DMA2_Stream4_IRQHandler                           Startup\startup_stm32f407xx.o
DMA2_Stream5_IRQHandler                           Startup\startup_stm32f407xx.o
DMA2_Stream6_IRQHandler                           Startup\startup_stm32f407xx.o
DMA2_Stream7_IRQHandler                           Startup\startup_stm32f407xx.o
DebugMon_Handler                                  Startup\startup_stm32f407xx.o
Default_Handler                                   Startup\startup_stm32f407xx.o
ETH_IRQHandler                                    Startup\startup_stm32f407xx.o
ETH_WKUP_IRQHandler                               Startup\startup_stm32f407xx.o
EXTI0_IRQHandler                                  Code\src\main.o
EXTI15_10_IRQHandler                              Startup\startup_stm32f407xx.o
EXTI1_IRQHandler                                  Startup\startup_stm32f407xx.o
EXTI2_IRQHandler                                  Startup\startup_stm32f407xx.o
EXTI3_IRQHandler                                  Startup\startup_stm32f407xx.o
EXTI4_IRQHandler                                  Startup\startup_stm32f407xx.o
EXTI9_5_IRQHandler                                Startup\startup_stm32f407xx.o
FLASH_IRQHandler                                  Startup\startup_stm32f407xx.o
FPU_IRQHandler                                    Startup\startup_stm32f407xx.o
FSMC_IRQHandler                                   Startup\startup_stm32f407xx.o
HASH_RNG_IRQHandler                               Startup\startup_stm32f407xx.o
HardFault_Handler                                 Startup\startup_stm32f407xx.o
I2C1_ER_IRQHandler                                Startup\startup_stm32f407xx.o
I2C1_EV_IRQHandler                                Startup\startup_stm32f407xx.o
I2C2_ER_IRQHandler                                Startup\startup_stm32f407xx.o
I2C2_EV_IRQHandler                                Startup\startup_stm32f407xx.o
I2C3_ER_IRQHandler                                Startup\startup_stm32f407xx.o
I2C3_EV_IRQHandler                                Startup\startup_stm32f407xx.o
MemManage_Handler                                 Startup\startup_stm32f407xx.o
NMI_Handler                                       Startup\startup_stm32f407xx.o
OTG_FS_IRQHandler                                 Startup\startup_stm32f407xx.o
OTG_FS_WKUP_IRQHandler                            Startup\startup_stm32f407xx.o
OTG_HS_EP1_IN_IRQHandler                          Startup\startup_stm32f407xx.o
OTG_HS_EP1_OUT_IRQHandler                         Startup\startup_stm32f407xx.o
OTG_HS_IRQHandler                                 Startup\startup_stm32f407xx.o
OTG_HS_WKUP_IRQHandler                            Startup\startup_stm32f407xx.o
PVD_IRQHandler                                    Startup\startup_stm32f407xx.o
PendSV_Handler                                    Startup\startup_stm32f407xx.o
RCC_IRQHandler                                    Startup\startup_stm32f407xx.o
RTC_Alarm_IRQHandler                              Startup\startup_stm32f407xx.o
RTC_WKUP_IRQHandler                               Startup\startup_stm32f407xx.o
Reset_Handler                                     Startup\startup_stm32f407xx.o
SDIO_IRQHandler                                   Startup\startup_stm32f407xx.o
SPI1_IRQHandler                                   Startup\startup_stm32f407xx.o
SPI2_IRQHandler                                   Startup\startup_stm32f407xx.o
SPI3_IRQHandler                                   Startup\startup_stm32f407xx.o
SVC_Handler                                       Startup\startup_stm32f407xx.o
SysTick_Handler                                   Startup\startup_stm32f407xx.o
SystemCoreClock                                   CMSIS\src\system_stm32f4xx.o
SystemCoreClockUpdate                             CMSIS\src\system_stm32f4xx.o
SystemInit                                        CMSIS\src\system_stm32f4xx.o
                                                  Startup\startup_stm32f407xx.o
TAMP_STAMP_IRQHandler                             Startup\startup_stm32f407xx.o
TIM1_BRK_TIM9_IRQHandler                          Startup\startup_stm32f407xx.o
TIM1_CC_IRQHandler                                Startup\startup_stm32f407xx.o
TIM1_TRG_COM_TIM11_IRQHandler                     Startup\startup_stm32f407xx.o
TIM1_UP_TIM10_IRQHandler                          Startup\startup_stm32f407xx.o
TIM2_IRQHandler                                   Startup\startup_stm32f407xx.o
TIM3_IRQHandler                                   Startup\startup_stm32f407xx.o
TIM4_IRQHandler                                   Startup\startup_stm32f407xx.o
TIM5_IRQHandler                                   Startup\startup_stm32f407xx.o
TIM6_DAC_IRQHandler                               Startup\startup_stm32f407xx.o
TIM7_IRQHandler                                   Startup\startup_stm32f407xx.o
TIM8_BRK_TIM12_IRQHandler                         Startup\startup_stm32f407xx.o
TIM8_CC_IRQHandler                                Startup\startup_stm32f407xx.o
TIM8_TRG_COM_TIM14_IRQHandler                     Startup\startup_stm32f407xx.o
TIM8_UP_TIM13_IRQHandler                          Startup\startup_stm32f407xx.o
UART4_IRQHandler                                  Startup\startup_stm32f407xx.o
UART5_IRQHandler                                  Startup\startup_stm32f407xx.o
USART1_IRQHandler                                 Startup\startup_stm32f407xx.o
USART2_IRQHandler                                 Startup\startup_stm32f407xx.o
USART3_IRQHandler                                 Startup\startup_stm32f407xx.o
USART6_IRQHandler                                 Code\src\main.o
UsageFault_Handler                                Startup\startup_stm32f407xx.o
WWDG_IRQHandler                                   Startup\startup_stm32f407xx.o
__deregister_frame_info                           c:/users/kamil/atollic/truestudio for stm32 9.0.0/armtools/bin/../lib/gcc/arm-atollic-eabi/6.3.1/armv7e-m/fpu/crtbegin.o
__dso_handle                                      c:/users/kamil/atollic/truestudio for stm32 9.0.0/armtools/bin/../lib/gcc/arm-atollic-eabi/6.3.1/armv7e-m/fpu/crtbegin.o
__init_array_end                                  c:/users/kamil/atollic/truestudio for stm32 9.0.0/armtools/bin/../lib/gcc/arm-atollic-eabi/6.3.1/../../../../arm-atollic-eabi/lib/armv7e-m/fpu\libc_nano.a(lib_a-init.o)
__init_array_start                                c:/users/kamil/atollic/truestudio for stm32 9.0.0/armtools/bin/../lib/gcc/arm-atollic-eabi/6.3.1/../../../../arm-atollic-eabi/lib/armv7e-m/fpu\libc_nano.a(lib_a-init.o)
__libc_init_array                                 c:/users/kamil/atollic/truestudio for stm32 9.0.0/armtools/bin/../lib/gcc/arm-atollic-eabi/6.3.1/../../../../arm-atollic-eabi/lib/armv7e-m/fpu\libc_nano.a(lib_a-init.o)
                                                  Startup\startup_stm32f407xx.o
__preinit_array_end                               c:/users/kamil/atollic/truestudio for stm32 9.0.0/armtools/bin/../lib/gcc/arm-atollic-eabi/6.3.1/../../../../arm-atollic-eabi/lib/armv7e-m/fpu\libc_nano.a(lib_a-init.o)
__preinit_array_start                             c:/users/kamil/atollic/truestudio for stm32 9.0.0/armtools/bin/../lib/gcc/arm-atollic-eabi/6.3.1/../../../../arm-atollic-eabi/lib/armv7e-m/fpu\libc_nano.a(lib_a-init.o)
__register_frame_info                             c:/users/kamil/atollic/truestudio for stm32 9.0.0/armtools/bin/../lib/gcc/arm-atollic-eabi/6.3.1/armv7e-m/fpu/crtbegin.o
_ebss                                             Startup\startup_stm32f407xx.o
_edata                                            Startup\startup_stm32f407xx.o
_estack                                           Startup\startup_stm32f407xx.o
_fini                                             c:/users/kamil/atollic/truestudio for stm32 9.0.0/armtools/bin/../lib/gcc/arm-atollic-eabi/6.3.1/armv7e-m/fpu/crti.o
_init                                             c:/users/kamil/atollic/truestudio for stm32 9.0.0/armtools/bin/../lib/gcc/arm-atollic-eabi/6.3.1/armv7e-m/fpu/crti.o
                                                  c:/users/kamil/atollic/truestudio for stm32 9.0.0/armtools/bin/../lib/gcc/arm-atollic-eabi/6.3.1/../../../../arm-atollic-eabi/lib/armv7e-m/fpu\libc_nano.a(lib_a-init.o)
_sbss                                             Startup\startup_stm32f407xx.o
_sdata                                            Startup\startup_stm32f407xx.o
_sidata                                           Startup\startup_stm32f407xx.o
delay                                             Code\src\main.o
exti_cfg                                          Code\src\main.o
g_pfnVectors                                      Startup\startup_stm32f407xx.o
it                                                Code\src\main.o
main                                              Code\src\main.o
                                                  Startup\startup_stm32f407xx.o
uart_cfg                                          Code\src\main.o
